DEBUG:asyncio:Using selector: EpollSelector
DEBUG:urwid.event_loop.main_loop.MainLoop:Starting event loop 'AsyncioEventLoop' to manage display.
INFO:__main__:Starting test module src.level
DEBUG:src.common.config:Loading config from /home/karbon/.pipr-qwest/config/testLevel.json
DEBUG:src.common.config:Setting health = 100
DEBUG:src.common.config:Setting armor = 0
DEBUG:src.common.config:Setting attack = 1
DEBUG:src.common.config:Loading config from /home/karbon/Documents/PIPR/elka-qwest/res/levels/asriel_den.json
DEBUG:src.common.config:Setting name = asriel_den.json
DEBUG:src.common.config:Setting fields = {'1': {'eventOnEnter': 'goblinThreat'}, '2': {}, '3': {}, '4': {}, '5': {}, '6': {}}
DEBUG:src.common.config:Setting startField = 1
DEBUG:src.common.config:Setting graph = [[1, 2], [2, 3], [3, 4], [4, 5], [3, 6]]
DEBUG:src.common.config:Setting grid = [[0, 1, 2, 3, 4], [0, 0, 0, 6, 5]]
DEBUG:src.common.config:Setting events = [{'eventType': 'ConversationEvent', 'eventId': 'goblinThreat', 'params': {'dialogue': [['goblin leader', 'Who dare show up in our camp']]}}]
DEBUG:src.level.game:{'name': 'asriel_den.json', 'fields': {'1': {'eventOnEnter': 'goblinThreat'}, '2': {}, '3': {}, '4': {}, '5': {}, '6': {}}, 'startField': 1, 'graph': [[1, 2], [2, 3], [3, 4], [4, 5], [3, 6]], 'grid': [[0, 1, 2, 3, 4], [0, 0, 0, 6, 5]], 'events': [{'eventType': 'ConversationEvent', 'eventId': 'goblinThreat', 'params': {'dialogue': [['goblin leader', 'Who dare show up in our camp']]}}]}
DEBUG:src.level.game:Init field 1 from dict {'eventOnEnter': 'goblinThreat'}
DEBUG:src.level.game:Init field 2 from dict {}
DEBUG:src.level.game:Init field 3 from dict {}
DEBUG:src.level.game:Init field 4 from dict {}
DEBUG:src.level.game:Init field 5 from dict {}
DEBUG:src.level.game:Init field 6 from dict {}
INFO:src.level.game:Level asriel_den.json undefined field 0
DEBUG:src.level.game:Adding right path from 1 to 2 
DEBUG:src.level.game:Adding right path from 2 to 3 
DEBUG:src.level.game:Adding left path from 2 to 1 
DEBUG:src.level.game:Adding right path from 3 to 4 
DEBUG:src.level.game:Adding down path from 3 to 6 
DEBUG:src.level.game:Adding left path from 3 to 2 
DEBUG:src.level.game:Adding down path from 4 to 5 
DEBUG:src.level.game:Adding left path from 4 to 3 
DEBUG:src.level.game:Adding up path from 6 to 3 
DEBUG:src.level.game:Adding up path from 5 to 4 
INFO:src.level.graphics:p0
DEBUG:urwid.event_loop.main_loop.MainLoop:Screen size recalculated: (160, 15)
DEBUG:urwid.display._posix_raw_display.Screen.draw_screen:Drawing screen with size (160, 15)
INFO:src.level.graphics:p1
INFO:src.level.graphics:t
INFO:src.level.graphics:p
INFO:src.level.graphics:q
INFO:src.level.graphics:o
INFO:src.level.graphics:r
DEBUG:src.level.graphics:Ngb : [False, False, False, False]
INFO:src.level.graphics:r
INFO:src.level.graphics:q
INFO:src.level.graphics:o
INFO:src.level.graphics:r
DEBUG:src.level.graphics:Ngb : [True, False, False, False]
INFO:src.level.graphics:r
INFO:src.level.graphics:q
INFO:src.level.graphics:o
INFO:src.level.graphics:r
DEBUG:src.level.graphics:Ngb : [True, False, True, False]
INFO:src.level.graphics:r
INFO:src.level.graphics:q
INFO:src.level.graphics:o
INFO:src.level.graphics:r
DEBUG:src.level.graphics:Ngb : [True, True, True, False]
INFO:src.level.graphics:r
INFO:src.level.graphics:q
INFO:src.level.graphics:o
INFO:src.level.graphics:r
DEBUG:src.level.graphics:Ngb : [False, True, True, False]
INFO:src.level.graphics:r
INFO:src.level.graphics:p
INFO:src.level.graphics:q
INFO:src.level.graphics:o
INFO:src.level.graphics:r
DEBUG:src.level.graphics:Ngb : [False, False, False, False]
INFO:src.level.graphics:r
INFO:src.level.graphics:q
INFO:src.level.graphics:o
INFO:src.level.graphics:r
DEBUG:src.level.graphics:Ngb : [False, False, False, False]
INFO:src.level.graphics:r
INFO:src.level.graphics:q
INFO:src.level.graphics:o
INFO:src.level.graphics:r
DEBUG:src.level.graphics:Ngb : [False, False, False, False]
INFO:src.level.graphics:r
INFO:src.level.graphics:q
INFO:src.level.graphics:o
INFO:src.level.graphics:r
DEBUG:src.level.graphics:Ngb : [False, False, False, True]
INFO:src.level.graphics:r
INFO:src.level.graphics:q
INFO:src.level.graphics:o
INFO:src.level.graphics:r
DEBUG:src.level.graphics:Ngb : [False, False, False, True]
INFO:src.level.graphics:r
INFO:src.level.graphics:p3
INFO:src.level.graphics:Start render
DEBUG:urwid.display._posix_raw_display.Screen.draw_screen:Drawing screen with size (160, 15)
DEBUG:urwid.display._posix_raw_display.Screen:Undefined attribute: ''
DEBUG:urwid.display._posix_raw_display.Screen:Undefined attribute: ''
DEBUG:urwid.display._posix_raw_display.Screen:Undefined attribute: ''
DEBUG:urwid.display._posix_raw_display.Screen:Undefined attribute: ''
DEBUG:urwid.display._posix_raw_display.Screen:Undefined attribute: ''
DEBUG:urwid.display._posix_raw_display.Screen:Undefined attribute: ''
DEBUG:urwid.display._posix_raw_display.Screen:Undefined attribute: ''
DEBUG:urwid.display._posix_raw_display.Screen:Undefined attribute: ''
DEBUG:urwid.display._posix_raw_display.Screen:Undefined attribute: ''
DEBUG:urwid.display._posix_raw_display.Screen:Undefined attribute: ''
DEBUG:urwid.display._posix_raw_display.Screen:Undefined attribute: ''
DEBUG:urwid.display._posix_raw_display.Screen:Undefined attribute: ''
DEBUG:urwid.display._posix_raw_display.Screen:Undefined attribute: ''
DEBUG:urwid.display._posix_raw_display.Screen:Undefined attribute: ''
DEBUG:urwid.display._posix_raw_display.Screen:Undefined attribute: ''
DEBUG:urwid.display._posix_raw_display.Screen:Undefined attribute: ''
DEBUG:urwid.display._posix_raw_display.Screen:Undefined attribute: ''
DEBUG:urwid.display._posix_raw_display.Screen:Undefined attribute: ''
DEBUG:urwid.display._posix_raw_display.Screen:Undefined attribute: ''
DEBUG:urwid.display._posix_raw_display.Screen:Undefined attribute: ''
DEBUG:urwid.display._posix_raw_display.Screen:Undefined attribute: ''
DEBUG:urwid.display._posix_raw_display.Screen:Undefined attribute: ''
DEBUG:urwid.display._posix_raw_display.Screen:Undefined attribute: ''
DEBUG:urwid.display._posix_raw_display.Screen:Undefined attribute: ''
DEBUG:urwid.display._posix_raw_display.Screen.signal_handlers:SIGWINCH handler called with signum=28, frame=<frame at 0x72a347e58d40, file '/usr/lib/python3.12/selectors.py', line 468, code select>
DEBUG:urwid.display._posix_raw_display.Screen.signal_handlers:Sent fake resize input to the pipe
DEBUG:urwid.display._posix_raw_display.Screen:Calling callback for "watch file"
DEBUG:urwid.display._posix_raw_display.Screen.wait_for_input_ready:Waiting for input: descriptors=[<socket.socket fd=7, family=1, type=1, proto=0>, <_io.TextIOWrapper name='<stdin>' mode='r' encoding='utf-8'>], timeout=0
DEBUG:urwid.display._posix_raw_display.Screen.wait_for_input_ready:Input ready: [(SelectorKey(fileobj=<socket.socket fd=7, family=1, type=1, proto=0>, fd=7, events=1, data=None), 1)]
DEBUG:urwid.display._posix_raw_display.Screen.get_available_raw_input:Resize signal received. Cleaning socket.
DEBUG:urwid.display._posix_raw_display.Screen.parse_input:Decoded codes: [], raw codes: []
DEBUG:urwid.display._posix_raw_display.Screen.parse_input:Added "window resize" to the codes
DEBUG:urwid.event_loop.main_loop.MainLoop:Processing input: keys=['window resize']
DEBUG:urwid.event_loop.main_loop.MainLoop:Screen size recalculated: (160, 13)
INFO:src.level.graphics:Start render
DEBUG:urwid.display._posix_raw_display.Screen.draw_screen:Drawing screen with size (160, 13)
DEBUG:urwid.display._posix_raw_display.Screen:Undefined attribute: ''
DEBUG:urwid.display._posix_raw_display.Screen:Undefined attribute: ''
DEBUG:urwid.display._posix_raw_display.Screen:Undefined attribute: ''
DEBUG:urwid.display._posix_raw_display.Screen:Undefined attribute: ''
DEBUG:urwid.display._posix_raw_display.Screen:Undefined attribute: ''
DEBUG:urwid.display._posix_raw_display.Screen:Undefined attribute: ''
DEBUG:urwid.display._posix_raw_display.Screen:Undefined attribute: ''
DEBUG:urwid.display._posix_raw_display.Screen:Undefined attribute: ''
DEBUG:urwid.display._posix_raw_display.Screen:Undefined attribute: ''
DEBUG:urwid.display._posix_raw_display.Screen:Undefined attribute: ''
DEBUG:urwid.display._posix_raw_display.Screen:Undefined attribute: ''
DEBUG:urwid.display._posix_raw_display.Screen:Undefined attribute: ''
DEBUG:urwid.display._posix_raw_display.Screen:Undefined attribute: ''
DEBUG:urwid.display._posix_raw_display.Screen:Undefined attribute: ''
DEBUG:urwid.display._posix_raw_display.Screen:Undefined attribute: ''
DEBUG:urwid.display._posix_raw_display.Screen:Undefined attribute: ''
DEBUG:urwid.display._posix_raw_display.Screen:Undefined attribute: ''
DEBUG:urwid.display._posix_raw_display.Screen:Undefined attribute: ''
DEBUG:urwid.display._posix_raw_display.Screen:Undefined attribute: ''
DEBUG:urwid.display._posix_raw_display.Screen:Undefined attribute: ''
DEBUG:urwid.display._posix_raw_display.Screen:Undefined attribute: ''
