ERROR:common.config:Failed to load file: Expecting value: line 1 column 1 (char 0)
ERROR:common.config:Failed to load file: Expecting value: line 1 column 1 (char 0)
INFO:__main__:Started
ERROR:common.config:Failed to load file: 'Setting' object has no attribute 'constrains'
INFO:__main__:Started
ERROR:common.config:Failed to load file: 'Setting' object has no attribute 'constrains'
ERROR:common.config:Failed to load file: 'Setting' object has no attribute 'constrains'
INFO:__main__:Started at 2024-12-15 18:15:35.126013
ERROR:common.config:Failed to load file: [Errno 2] No such file or directory: '/home/karbon/.pipr-qwest/test.cfg'
INFO:__main__:Started at 2024-12-15 18:17:37.007736
INFO:__main__:Started logger at 2024-12-15 18:18:57.902833
ERROR:common.config:Failed to load file: 'Setting' object has no attribute 'constrains'
INFO:__main__:Started at 2024-12-15 18:18:58.230329
INFO:__main__:Started logger at 2024-12-15 18:19:10.292522
ERROR:common.config:Failed to load file: 'Setting' object has no attribute 'constrains'
INFO:__main__:Started at 2024-12-15 18:19:10.613469
INFO:__main__:Started logger at 2024-12-15 18:24:08.349919
ERROR:common.config:Failed to load file: 'Setting' object has no attribute 'constrains'
INFO:__main__:Started at 2024-12-15 18:24:08.629956
INFO:__main__:Started logger at 2024-12-15 18:24:38.889166
ERROR:common.config:Failed to load file: 'Setting' object has no attribute 'constrains'
INFO:__main__:Started logger at 2024-12-15 18:25:10.793717
ERROR:common.config:Failed to load file: 'Setting' object has no attribute 'constrains'
INFO:__main__:Started logger at 2024-12-15 18:27:52.378758
ERROR:common.config:Failed to load file: 'Setting' object has no attribute 'constrains'
INFO:__main__:Started logger at 2024-12-15 18:29:15.616191
ERROR:common.config:Failed to load file: 'Setting' object has no attribute 'constrains'
DEBUG:common.config:Failed to load file: None
DEBUG:urwid.event_loop.main_loop.MainLoop:Starting event loop 'SelectEventLoop' to manage display.
DEBUG:urwid.event_loop.select_loop.SelectEventLoop:Waiting for input: timeout=0.0
DEBUG:urwid.event_loop.select_loop.SelectEventLoop:No input in timeout, calling scheduled <bound method MainLoop.entering_idle of <urwid.event_loop.main_loop.MainLoop object at 0x7a7b37a4b050>>
DEBUG:urwid.event_loop.main_loop.MainLoop:Screen size recalculated: (339, 20)
DEBUG:urwid.display._posix_raw_display.Screen.draw_screen:Drawing screen with size (339, 20)
DEBUG:urwid.event_loop.select_loop.SelectEventLoop:Processing input
DEBUG:urwid.event_loop.select_loop.SelectEventLoop:Waiting for input: timeout=0.0
DEBUG:urwid.event_loop.select_loop.SelectEventLoop:No input, entering IDLE
DEBUG:urwid.event_loop.select_loop.SelectEventLoop:Processing input
DEBUG:urwid.event_loop.select_loop.SelectEventLoop:Waiting for input: timeout
DEBUG:urwid.event_loop.select_loop.SelectEventLoop:Processing input
DEBUG:urwid.display._posix_raw_display.Screen:Calling callback for "watch file"
DEBUG:urwid.display._posix_raw_display.Screen.wait_for_input_ready:Waiting for input: descriptors=[<socket.socket fd=4, family=1, type=1, proto=0>, <_io.TextIOWrapper name='<stdin>' mode='r' encoding='utf-8'>], timeout=0
DEBUG:urwid.display._posix_raw_display.Screen.wait_for_input_ready:Input ready: [(SelectorKey(fileobj=<_io.TextIOWrapper name='<stdin>' mode='r' encoding='utf-8'>, fd=0, events=1, data=None), 1)]
DEBUG:urwid.display._posix_raw_display.Screen.parse_input:Decoded codes: [('mouse press', 1, 85, 9)], raw codes: [27, 91, 60, 48, 59, 56, 54, 59, 49, 48, 77]
DEBUG:urwid.event_loop.main_loop.MainLoop:Processing input: keys=[('mouse press', 1, 85, 9)]
INFO:__main__:Started logger at 2024-12-15 18:30:36.520277
ERROR:common.config:Failed to load file: 'Setting' object has no attribute 'constrains'
DEBUG:common.config:Failed to load file: Traceback (most recent call last):
  File "/mnt/home/karbon/Documents/Karol/Studia/PIPR/Projekt/src/common/config.py", line 94, in load_from_file
    return super().load_from_file()
           ^^^^^^^^^^^^^^^^^^^^^^^^
  File "/mnt/home/karbon/Documents/Karol/Studia/PIPR/Projekt/src/common/config.py", line 51, in load_from_file
    self.from_dict(data)
  File "/mnt/home/karbon/Documents/Karol/Studia/PIPR/Projekt/src/common/config.py", line 40, in from_dict
    self.set_value(name, item_data)
  File "/mnt/home/karbon/Documents/Karol/Studia/PIPR/Projekt/src/common/config.py", line 89, in set_value
    self.check_value(name, value)
  File "/mnt/home/karbon/Documents/Karol/Studia/PIPR/Projekt/src/common/config.py", line 79, in check_value
    if type(value) != self.constrains[name]['type'] :
                      ^^^^^^^^^^^^^^^
AttributeError: 'Setting' object has no attribute 'constrains'

DEBUG:urwid.event_loop.main_loop.MainLoop:Starting event loop 'SelectEventLoop' to manage display.
DEBUG:urwid.event_loop.select_loop.SelectEventLoop:Waiting for input: timeout=0.0
DEBUG:urwid.event_loop.select_loop.SelectEventLoop:No input in timeout, calling scheduled <bound method MainLoop.entering_idle of <urwid.event_loop.main_loop.MainLoop object at 0x7e839079d670>>
DEBUG:urwid.event_loop.main_loop.MainLoop:Screen size recalculated: (339, 20)
DEBUG:urwid.display._posix_raw_display.Screen.draw_screen:Drawing screen with size (339, 20)
DEBUG:urwid.event_loop.select_loop.SelectEventLoop:Processing input
DEBUG:urwid.event_loop.select_loop.SelectEventLoop:Waiting for input: timeout=0.0
DEBUG:urwid.event_loop.select_loop.SelectEventLoop:No input, entering IDLE
DEBUG:urwid.event_loop.select_loop.SelectEventLoop:Processing input
DEBUG:urwid.event_loop.select_loop.SelectEventLoop:Waiting for input: timeout
DEBUG:urwid.event_loop.select_loop.SelectEventLoop:Processing input
DEBUG:urwid.display._posix_raw_display.Screen:Calling callback for "watch file"
DEBUG:urwid.display._posix_raw_display.Screen.wait_for_input_ready:Waiting for input: descriptors=[<socket.socket fd=4, family=1, type=1, proto=0>, <_io.TextIOWrapper name='<stdin>' mode='r' encoding='utf-8'>], timeout=0
DEBUG:urwid.display._posix_raw_display.Screen.wait_for_input_ready:Input ready: [(SelectorKey(fileobj=<_io.TextIOWrapper name='<stdin>' mode='r' encoding='utf-8'>, fd=0, events=1, data=None), 1)]
DEBUG:urwid.display._posix_raw_display.Screen.parse_input:Decoded codes: [('mouse press', 1, 84, 9)], raw codes: [27, 91, 60, 48, 59, 56, 53, 59, 49, 48, 77]
DEBUG:urwid.event_loop.main_loop.MainLoop:Processing input: keys=[('mouse press', 1, 84, 9)]
INFO:__main__:Started logger at 2024-12-15 18:32:15.292690
ERROR:common.config:Failed to load file: 'Setting' object has no attribute 'constrains'
DEBUG:common.config:Failed to load file: Traceback (most recent call last):
  File "/mnt/home/karbon/Documents/Karol/Studia/PIPR/Projekt/src/common/config.py", line 94, in load_from_file
    return super().load_from_file()
           ^^^^^^^^^^^^^^^^^^^^^^^^
  File "/mnt/home/karbon/Documents/Karol/Studia/PIPR/Projekt/src/common/config.py", line 51, in load_from_file
    self.from_dict(data)
  File "/mnt/home/karbon/Documents/Karol/Studia/PIPR/Projekt/src/common/config.py", line 40, in from_dict
    self.set_value(name, item_data)
  File "/mnt/home/karbon/Documents/Karol/Studia/PIPR/Projekt/src/common/config.py", line 89, in set_value
    self.check_value(name, value)
  File "/mnt/home/karbon/Documents/Karol/Studia/PIPR/Projekt/src/common/config.py", line 79, in check_value
    if type(value) != self.constrains[name]['type'] :
                      ^^^^^^^^^^^^^^^
AttributeError: 'Setting' object has no attribute 'constrains'

DEBUG:urwid.event_loop.main_loop.MainLoop:Starting event loop 'SelectEventLoop' to manage display.
DEBUG:urwid.event_loop.select_loop.SelectEventLoop:Waiting for input: timeout=0.0
DEBUG:urwid.event_loop.select_loop.SelectEventLoop:No input in timeout, calling scheduled <bound method MainLoop.entering_idle of <urwid.event_loop.main_loop.MainLoop object at 0x7197d4ca98e0>>
DEBUG:urwid.event_loop.main_loop.MainLoop:Screen size recalculated: (339, 20)
DEBUG:urwid.display._posix_raw_display.Screen.draw_screen:Drawing screen with size (339, 20)
DEBUG:urwid.event_loop.select_loop.SelectEventLoop:Processing input
DEBUG:urwid.event_loop.select_loop.SelectEventLoop:Waiting for input: timeout=0.0
DEBUG:urwid.event_loop.select_loop.SelectEventLoop:No input, entering IDLE
DEBUG:urwid.event_loop.select_loop.SelectEventLoop:Processing input
DEBUG:urwid.event_loop.select_loop.SelectEventLoop:Waiting for input: timeout
DEBUG:urwid.event_loop.select_loop.SelectEventLoop:Processing input
DEBUG:urwid.display._posix_raw_display.Screen:Calling callback for "watch file"
DEBUG:urwid.display._posix_raw_display.Screen.wait_for_input_ready:Waiting for input: descriptors=[<socket.socket fd=4, family=1, type=1, proto=0>, <_io.TextIOWrapper name='<stdin>' mode='r' encoding='utf-8'>], timeout=0
DEBUG:urwid.display._posix_raw_display.Screen.wait_for_input_ready:Input ready: [(SelectorKey(fileobj=<_io.TextIOWrapper name='<stdin>' mode='r' encoding='utf-8'>, fd=0, events=1, data=None), 1)]
DEBUG:urwid.display._posix_raw_display.Screen.parse_input:Decoded codes: [('mouse press', 1, 84, 9)], raw codes: [27, 91, 60, 48, 59, 56, 53, 59, 49, 48, 77]
DEBUG:urwid.event_loop.main_loop.MainLoop:Processing input: keys=[('mouse press', 1, 84, 9)]
INFO:__main__:Started logger at 2024-12-15 18:33:15.764913
ERROR:common.config:Failed to load file: 'Setting' object has no attribute 'constrains'
DEBUG:common.config:Failed to load file: Traceback (most recent call last):
  File "/mnt/home/karbon/Documents/Karol/Studia/PIPR/Projekt/src/common/config.py", line 94, in load_from_file
    return super().load_from_file()
           ^^^^^^^^^^^^^^^^^^^^^^^^
  File "/mnt/home/karbon/Documents/Karol/Studia/PIPR/Projekt/src/common/config.py", line 51, in load_from_file
    self.from_dict(data)
  File "/mnt/home/karbon/Documents/Karol/Studia/PIPR/Projekt/src/common/config.py", line 40, in from_dict
    self.set_value(name, item_data)
  File "/mnt/home/karbon/Documents/Karol/Studia/PIPR/Projekt/src/common/config.py", line 89, in set_value
    self.check_value(name, value)
  File "/mnt/home/karbon/Documents/Karol/Studia/PIPR/Projekt/src/common/config.py", line 79, in check_value
    if type(value) != self.constrains[name]['type'] :
                      ^^^^^^^^^^^^^^^
AttributeError: 'Setting' object has no attribute 'constrains'

DEBUG:urwid.event_loop.main_loop.MainLoop:Starting event loop 'SelectEventLoop' to manage display.
DEBUG:urwid.event_loop.select_loop.SelectEventLoop:Waiting for input: timeout=0.0
DEBUG:urwid.event_loop.select_loop.SelectEventLoop:No input in timeout, calling scheduled <bound method MainLoop.entering_idle of <urwid.event_loop.main_loop.MainLoop object at 0x7bfcf986d010>>
DEBUG:urwid.event_loop.main_loop.MainLoop:Screen size recalculated: (339, 20)
DEBUG:urwid.display._posix_raw_display.Screen.draw_screen:Drawing screen with size (339, 20)
DEBUG:urwid.event_loop.select_loop.SelectEventLoop:Processing input
DEBUG:urwid.event_loop.select_loop.SelectEventLoop:Waiting for input: timeout=0.0
DEBUG:urwid.event_loop.select_loop.SelectEventLoop:No input, entering IDLE
DEBUG:urwid.event_loop.select_loop.SelectEventLoop:Processing input
DEBUG:urwid.event_loop.select_loop.SelectEventLoop:Waiting for input: timeout
DEBUG:urwid.event_loop.select_loop.SelectEventLoop:Processing input
DEBUG:urwid.display._posix_raw_display.Screen:Calling callback for "watch file"
DEBUG:urwid.display._posix_raw_display.Screen.wait_for_input_ready:Waiting for input: descriptors=[<socket.socket fd=4, family=1, type=1, proto=0>, <_io.TextIOWrapper name='<stdin>' mode='r' encoding='utf-8'>], timeout=0
DEBUG:urwid.display._posix_raw_display.Screen.wait_for_input_ready:Input ready: [(SelectorKey(fileobj=<_io.TextIOWrapper name='<stdin>' mode='r' encoding='utf-8'>, fd=0, events=1, data=None), 1)]
DEBUG:urwid.display._posix_raw_display.Screen.parse_input:Decoded codes: [('mouse press', 1, 83, 9)], raw codes: [27, 91, 60, 48, 59, 56, 52, 59, 49, 48, 77]
DEBUG:urwid.event_loop.main_loop.MainLoop:Processing input: keys=[('mouse press', 1, 83, 9)]
INFO:__main__:Started logger at 2024-12-15 18:33:31.173561
DEBUG:urwid.event_loop.main_loop.MainLoop:Starting event loop 'SelectEventLoop' to manage display.
DEBUG:urwid.event_loop.select_loop.SelectEventLoop:Waiting for input: timeout=0.0
DEBUG:urwid.event_loop.select_loop.SelectEventLoop:No input in timeout, calling scheduled <bound method MainLoop.entering_idle of <urwid.event_loop.main_loop.MainLoop object at 0x70f28d840b00>>
DEBUG:urwid.event_loop.main_loop.MainLoop:Screen size recalculated: (339, 20)
DEBUG:urwid.display._posix_raw_display.Screen.draw_screen:Drawing screen with size (339, 20)
DEBUG:urwid.event_loop.select_loop.SelectEventLoop:Processing input
DEBUG:urwid.event_loop.select_loop.SelectEventLoop:Waiting for input: timeout=0.0
DEBUG:urwid.event_loop.select_loop.SelectEventLoop:No input, entering IDLE
DEBUG:urwid.event_loop.select_loop.SelectEventLoop:Processing input
DEBUG:urwid.event_loop.select_loop.SelectEventLoop:Waiting for input: timeout
DEBUG:urwid.event_loop.select_loop.SelectEventLoop:Processing input
DEBUG:urwid.display._posix_raw_display.Screen:Calling callback for "watch file"
DEBUG:urwid.display._posix_raw_display.Screen.wait_for_input_ready:Waiting for input: descriptors=[<socket.socket fd=4, family=1, type=1, proto=0>, <_io.TextIOWrapper name='<stdin>' mode='r' encoding='utf-8'>], timeout=0
DEBUG:urwid.display._posix_raw_display.Screen.wait_for_input_ready:Input ready: [(SelectorKey(fileobj=<_io.TextIOWrapper name='<stdin>' mode='r' encoding='utf-8'>, fd=0, events=1, data=None), 1)]
DEBUG:urwid.display._posix_raw_display.Screen.parse_input:Decoded codes: ['right'], raw codes: [27, 91, 67]
DEBUG:urwid.event_loop.main_loop.MainLoop:Processing input: keys=['right']
DEBUG:urwid.event_loop.select_loop.SelectEventLoop:Waiting for input: timeout=0.0
DEBUG:urwid.event_loop.select_loop.SelectEventLoop:No input, entering IDLE
DEBUG:urwid.display._posix_raw_display.Screen.draw_screen:Drawing screen with size (339, 20)
DEBUG:urwid.event_loop.select_loop.SelectEventLoop:Processing input
DEBUG:urwid.event_loop.select_loop.SelectEventLoop:Waiting for input: timeout
DEBUG:urwid.event_loop.select_loop.SelectEventLoop:Processing input
DEBUG:urwid.display._posix_raw_display.Screen:Calling callback for "watch file"
DEBUG:urwid.display._posix_raw_display.Screen.wait_for_input_ready:Waiting for input: descriptors=[<socket.socket fd=4, family=1, type=1, proto=0>, <_io.TextIOWrapper name='<stdin>' mode='r' encoding='utf-8'>], timeout=0
DEBUG:urwid.display._posix_raw_display.Screen.wait_for_input_ready:Input ready: [(SelectorKey(fileobj=<_io.TextIOWrapper name='<stdin>' mode='r' encoding='utf-8'>, fd=0, events=1, data=None), 1)]
DEBUG:urwid.display._posix_raw_display.Screen.parse_input:Decoded codes: ['down'], raw codes: [27, 91, 66]
DEBUG:urwid.event_loop.main_loop.MainLoop:Processing input: keys=['down']
DEBUG:urwid.event_loop.select_loop.SelectEventLoop:Waiting for input: timeout=0.0
DEBUG:urwid.event_loop.select_loop.SelectEventLoop:No input, entering IDLE
DEBUG:urwid.display._posix_raw_display.Screen.draw_screen:Drawing screen with size (339, 20)
DEBUG:urwid.event_loop.select_loop.SelectEventLoop:Processing input
DEBUG:urwid.event_loop.select_loop.SelectEventLoop:Waiting for input: timeout
DEBUG:urwid.event_loop.select_loop.SelectEventLoop:Processing input
DEBUG:urwid.display._posix_raw_display.Screen:Calling callback for "watch file"
DEBUG:urwid.display._posix_raw_display.Screen.wait_for_input_ready:Waiting for input: descriptors=[<socket.socket fd=4, family=1, type=1, proto=0>, <_io.TextIOWrapper name='<stdin>' mode='r' encoding='utf-8'>], timeout=0
DEBUG:urwid.display._posix_raw_display.Screen.wait_for_input_ready:Input ready: [(SelectorKey(fileobj=<_io.TextIOWrapper name='<stdin>' mode='r' encoding='utf-8'>, fd=0, events=1, data=None), 1)]
DEBUG:urwid.display._posix_raw_display.Screen.parse_input:Decoded codes: ['right'], raw codes: [27, 91, 67]
DEBUG:urwid.event_loop.main_loop.MainLoop:Processing input: keys=['right']
DEBUG:urwid.event_loop.select_loop.SelectEventLoop:Waiting for input: timeout=0.0
DEBUG:urwid.event_loop.select_loop.SelectEventLoop:No input, entering IDLE
DEBUG:urwid.display._posix_raw_display.Screen.draw_screen:Drawing screen with size (339, 20)
DEBUG:urwid.event_loop.select_loop.SelectEventLoop:Processing input
DEBUG:urwid.event_loop.select_loop.SelectEventLoop:Waiting for input: timeout
DEBUG:urwid.event_loop.select_loop.SelectEventLoop:Processing input
DEBUG:urwid.display._posix_raw_display.Screen:Calling callback for "watch file"
DEBUG:urwid.display._posix_raw_display.Screen.wait_for_input_ready:Waiting for input: descriptors=[<socket.socket fd=4, family=1, type=1, proto=0>, <_io.TextIOWrapper name='<stdin>' mode='r' encoding='utf-8'>], timeout=0
DEBUG:urwid.display._posix_raw_display.Screen.wait_for_input_ready:Input ready: [(SelectorKey(fileobj=<_io.TextIOWrapper name='<stdin>' mode='r' encoding='utf-8'>, fd=0, events=1, data=None), 1)]
DEBUG:urwid.display._posix_raw_display.Screen.parse_input:Decoded codes: ['right'], raw codes: [27, 91, 67]
DEBUG:urwid.event_loop.main_loop.MainLoop:Processing input: keys=['right']
DEBUG:urwid.event_loop.select_loop.SelectEventLoop:Waiting for input: timeout=0.0
DEBUG:urwid.event_loop.select_loop.SelectEventLoop:No input, entering IDLE
DEBUG:urwid.display._posix_raw_display.Screen.draw_screen:Drawing screen with size (339, 20)
DEBUG:urwid.event_loop.select_loop.SelectEventLoop:Processing input
DEBUG:urwid.event_loop.select_loop.SelectEventLoop:Waiting for input: timeout
DEBUG:urwid.event_loop.select_loop.SelectEventLoop:Processing input
DEBUG:urwid.display._posix_raw_display.Screen:Calling callback for "watch file"
DEBUG:urwid.display._posix_raw_display.Screen.wait_for_input_ready:Waiting for input: descriptors=[<socket.socket fd=4, family=1, type=1, proto=0>, <_io.TextIOWrapper name='<stdin>' mode='r' encoding='utf-8'>], timeout=0
DEBUG:urwid.display._posix_raw_display.Screen.wait_for_input_ready:Input ready: [(SelectorKey(fileobj=<_io.TextIOWrapper name='<stdin>' mode='r' encoding='utf-8'>, fd=0, events=1, data=None), 1)]
DEBUG:urwid.display._posix_raw_display.Screen.parse_input:Decoded codes: ['right'], raw codes: [27, 91, 67]
DEBUG:urwid.event_loop.main_loop.MainLoop:Processing input: keys=['right']
DEBUG:urwid.event_loop.select_loop.SelectEventLoop:Waiting for input: timeout=0.0
DEBUG:urwid.event_loop.select_loop.SelectEventLoop:No input, entering IDLE
DEBUG:urwid.display._posix_raw_display.Screen.draw_screen:Drawing screen with size (339, 20)
DEBUG:urwid.event_loop.select_loop.SelectEventLoop:Processing input
DEBUG:urwid.event_loop.select_loop.SelectEventLoop:Waiting for input: timeout
DEBUG:urwid.event_loop.select_loop.SelectEventLoop:Processing input
DEBUG:urwid.display._posix_raw_display.Screen:Calling callback for "watch file"
DEBUG:urwid.display._posix_raw_display.Screen.wait_for_input_ready:Waiting for input: descriptors=[<socket.socket fd=4, family=1, type=1, proto=0>, <_io.TextIOWrapper name='<stdin>' mode='r' encoding='utf-8'>], timeout=0
DEBUG:urwid.display._posix_raw_display.Screen.wait_for_input_ready:Input ready: [(SelectorKey(fileobj=<_io.TextIOWrapper name='<stdin>' mode='r' encoding='utf-8'>, fd=0, events=1, data=None), 1)]
DEBUG:urwid.display._posix_raw_display.Screen.parse_input:Decoded codes: ['right'], raw codes: [27, 91, 67]
DEBUG:urwid.event_loop.main_loop.MainLoop:Processing input: keys=['right']
DEBUG:urwid.event_loop.select_loop.SelectEventLoop:Waiting for input: timeout=0.0
DEBUG:urwid.event_loop.select_loop.SelectEventLoop:No input, entering IDLE
DEBUG:urwid.display._posix_raw_display.Screen.draw_screen:Drawing screen with size (339, 20)
DEBUG:urwid.event_loop.select_loop.SelectEventLoop:Processing input
DEBUG:urwid.event_loop.select_loop.SelectEventLoop:Waiting for input: timeout
DEBUG:urwid.event_loop.select_loop.SelectEventLoop:Processing input
DEBUG:urwid.display._posix_raw_display.Screen:Calling callback for "watch file"
DEBUG:urwid.display._posix_raw_display.Screen.wait_for_input_ready:Waiting for input: descriptors=[<socket.socket fd=4, family=1, type=1, proto=0>, <_io.TextIOWrapper name='<stdin>' mode='r' encoding='utf-8'>], timeout=0
DEBUG:urwid.display._posix_raw_display.Screen.wait_for_input_ready:Input ready: [(SelectorKey(fileobj=<_io.TextIOWrapper name='<stdin>' mode='r' encoding='utf-8'>, fd=0, events=1, data=None), 1)]
DEBUG:urwid.display._posix_raw_display.Screen.parse_input:Decoded codes: ['right'], raw codes: [27, 91, 67]
DEBUG:urwid.event_loop.main_loop.MainLoop:Processing input: keys=['right']
DEBUG:urwid.event_loop.select_loop.SelectEventLoop:Waiting for input: timeout=0.0
DEBUG:urwid.event_loop.select_loop.SelectEventLoop:No input, entering IDLE
DEBUG:urwid.display._posix_raw_display.Screen.draw_screen:Drawing screen with size (339, 20)
DEBUG:urwid.event_loop.select_loop.SelectEventLoop:Processing input
DEBUG:urwid.event_loop.select_loop.SelectEventLoop:Waiting for input: timeout
DEBUG:urwid.event_loop.select_loop.SelectEventLoop:Processing input
DEBUG:urwid.display._posix_raw_display.Screen:Calling callback for "watch file"
DEBUG:urwid.display._posix_raw_display.Screen.wait_for_input_ready:Waiting for input: descriptors=[<socket.socket fd=4, family=1, type=1, proto=0>, <_io.TextIOWrapper name='<stdin>' mode='r' encoding='utf-8'>], timeout=0
DEBUG:urwid.display._posix_raw_display.Screen.wait_for_input_ready:Input ready: [(SelectorKey(fileobj=<_io.TextIOWrapper name='<stdin>' mode='r' encoding='utf-8'>, fd=0, events=1, data=None), 1)]
DEBUG:urwid.display._posix_raw_display.Screen.parse_input:Decoded codes: ['right'], raw codes: [27, 91, 67]
DEBUG:urwid.event_loop.main_loop.MainLoop:Processing input: keys=['right']
DEBUG:urwid.event_loop.select_loop.SelectEventLoop:Waiting for input: timeout=0.0
DEBUG:urwid.event_loop.select_loop.SelectEventLoop:No input, entering IDLE
DEBUG:urwid.display._posix_raw_display.Screen.draw_screen:Drawing screen with size (339, 20)
DEBUG:urwid.event_loop.select_loop.SelectEventLoop:Processing input
DEBUG:urwid.event_loop.select_loop.SelectEventLoop:Waiting for input: timeout
DEBUG:urwid.event_loop.select_loop.SelectEventLoop:Processing input
DEBUG:urwid.display._posix_raw_display.Screen:Calling callback for "watch file"
DEBUG:urwid.display._posix_raw_display.Screen.wait_for_input_ready:Waiting for input: descriptors=[<socket.socket fd=4, family=1, type=1, proto=0>, <_io.TextIOWrapper name='<stdin>' mode='r' encoding='utf-8'>], timeout=0
DEBUG:urwid.display._posix_raw_display.Screen.wait_for_input_ready:Input ready: [(SelectorKey(fileobj=<_io.TextIOWrapper name='<stdin>' mode='r' encoding='utf-8'>, fd=0, events=1, data=None), 1)]
DEBUG:urwid.display._posix_raw_display.Screen.parse_input:Decoded codes: ['right'], raw codes: [27, 91, 67]
DEBUG:urwid.event_loop.main_loop.MainLoop:Processing input: keys=['right']
DEBUG:urwid.event_loop.select_loop.SelectEventLoop:Waiting for input: timeout=0.0
DEBUG:urwid.event_loop.select_loop.SelectEventLoop:No input, entering IDLE
DEBUG:urwid.display._posix_raw_display.Screen.draw_screen:Drawing screen with size (339, 20)
DEBUG:urwid.event_loop.select_loop.SelectEventLoop:Processing input
DEBUG:urwid.event_loop.select_loop.SelectEventLoop:Waiting for input: timeout
DEBUG:urwid.event_loop.select_loop.SelectEventLoop:Processing input
DEBUG:urwid.display._posix_raw_display.Screen:Calling callback for "watch file"
DEBUG:urwid.display._posix_raw_display.Screen.wait_for_input_ready:Waiting for input: descriptors=[<socket.socket fd=4, family=1, type=1, proto=0>, <_io.TextIOWrapper name='<stdin>' mode='r' encoding='utf-8'>], timeout=0
DEBUG:urwid.display._posix_raw_display.Screen.wait_for_input_ready:Input ready: [(SelectorKey(fileobj=<_io.TextIOWrapper name='<stdin>' mode='r' encoding='utf-8'>, fd=0, events=1, data=None), 1)]
DEBUG:urwid.display._posix_raw_display.Screen.parse_input:Decoded codes: ['right'], raw codes: [27, 91, 67]
DEBUG:urwid.event_loop.main_loop.MainLoop:Processing input: keys=['right']
DEBUG:urwid.event_loop.select_loop.SelectEventLoop:Waiting for input: timeout=0.0
DEBUG:urwid.event_loop.select_loop.SelectEventLoop:No input, entering IDLE
DEBUG:urwid.display._posix_raw_display.Screen.draw_screen:Drawing screen with size (339, 20)
DEBUG:urwid.event_loop.select_loop.SelectEventLoop:Processing input
DEBUG:urwid.event_loop.select_loop.SelectEventLoop:Waiting for input: timeout
DEBUG:urwid.event_loop.select_loop.SelectEventLoop:Processing input
DEBUG:urwid.display._posix_raw_display.Screen:Calling callback for "watch file"
DEBUG:urwid.display._posix_raw_display.Screen.wait_for_input_ready:Waiting for input: descriptors=[<socket.socket fd=4, family=1, type=1, proto=0>, <_io.TextIOWrapper name='<stdin>' mode='r' encoding='utf-8'>], timeout=0
DEBUG:urwid.display._posix_raw_display.Screen.wait_for_input_ready:Input ready: [(SelectorKey(fileobj=<_io.TextIOWrapper name='<stdin>' mode='r' encoding='utf-8'>, fd=0, events=1, data=None), 1)]
DEBUG:urwid.display._posix_raw_display.Screen.parse_input:Decoded codes: ['right'], raw codes: [27, 91, 67]
DEBUG:urwid.event_loop.main_loop.MainLoop:Processing input: keys=['right']
DEBUG:urwid.event_loop.select_loop.SelectEventLoop:Waiting for input: timeout=0.0
DEBUG:urwid.event_loop.select_loop.SelectEventLoop:No input, entering IDLE
DEBUG:urwid.display._posix_raw_display.Screen.draw_screen:Drawing screen with size (339, 20)
DEBUG:urwid.event_loop.select_loop.SelectEventLoop:Processing input
DEBUG:urwid.event_loop.select_loop.SelectEventLoop:Waiting for input: timeout
DEBUG:urwid.event_loop.select_loop.SelectEventLoop:Processing input
DEBUG:urwid.display._posix_raw_display.Screen:Calling callback for "watch file"
DEBUG:urwid.display._posix_raw_display.Screen.wait_for_input_ready:Waiting for input: descriptors=[<socket.socket fd=4, family=1, type=1, proto=0>, <_io.TextIOWrapper name='<stdin>' mode='r' encoding='utf-8'>], timeout=0
DEBUG:urwid.display._posix_raw_display.Screen.wait_for_input_ready:Input ready: [(SelectorKey(fileobj=<_io.TextIOWrapper name='<stdin>' mode='r' encoding='utf-8'>, fd=0, events=1, data=None), 1)]
DEBUG:urwid.display._posix_raw_display.Screen.parse_input:Decoded codes: ['right'], raw codes: [27, 91, 67]
DEBUG:urwid.event_loop.main_loop.MainLoop:Processing input: keys=['right']
DEBUG:urwid.event_loop.select_loop.SelectEventLoop:Waiting for input: timeout=0.0
DEBUG:urwid.event_loop.select_loop.SelectEventLoop:No input, entering IDLE
DEBUG:urwid.display._posix_raw_display.Screen.draw_screen:Drawing screen with size (339, 20)
DEBUG:urwid.event_loop.select_loop.SelectEventLoop:Processing input
DEBUG:urwid.event_loop.select_loop.SelectEventLoop:Waiting for input: timeout
DEBUG:urwid.event_loop.select_loop.SelectEventLoop:Processing input
DEBUG:urwid.display._posix_raw_display.Screen:Calling callback for "watch file"
DEBUG:urwid.display._posix_raw_display.Screen.wait_for_input_ready:Waiting for input: descriptors=[<socket.socket fd=4, family=1, type=1, proto=0>, <_io.TextIOWrapper name='<stdin>' mode='r' encoding='utf-8'>], timeout=0
DEBUG:urwid.display._posix_raw_display.Screen.wait_for_input_ready:Input ready: [(SelectorKey(fileobj=<_io.TextIOWrapper name='<stdin>' mode='r' encoding='utf-8'>, fd=0, events=1, data=None), 1)]
DEBUG:urwid.display._posix_raw_display.Screen.parse_input:Decoded codes: ['right'], raw codes: [27, 91, 67]
DEBUG:urwid.event_loop.main_loop.MainLoop:Processing input: keys=['right']
DEBUG:urwid.event_loop.select_loop.SelectEventLoop:Waiting for input: timeout=0.0
DEBUG:urwid.event_loop.select_loop.SelectEventLoop:No input, entering IDLE
DEBUG:urwid.display._posix_raw_display.Screen.draw_screen:Drawing screen with size (339, 20)
DEBUG:urwid.event_loop.select_loop.SelectEventLoop:Processing input
DEBUG:urwid.event_loop.select_loop.SelectEventLoop:Waiting for input: timeout
DEBUG:urwid.event_loop.select_loop.SelectEventLoop:Processing input
DEBUG:urwid.display._posix_raw_display.Screen:Calling callback for "watch file"
DEBUG:urwid.display._posix_raw_display.Screen.wait_for_input_ready:Waiting for input: descriptors=[<socket.socket fd=4, family=1, type=1, proto=0>, <_io.TextIOWrapper name='<stdin>' mode='r' encoding='utf-8'>], timeout=0
DEBUG:urwid.display._posix_raw_display.Screen.wait_for_input_ready:Input ready: [(SelectorKey(fileobj=<_io.TextIOWrapper name='<stdin>' mode='r' encoding='utf-8'>, fd=0, events=1, data=None), 1)]
DEBUG:urwid.display._posix_raw_display.Screen.parse_input:Decoded codes: ['right'], raw codes: [27, 91, 67]
DEBUG:urwid.event_loop.main_loop.MainLoop:Processing input: keys=['right']
DEBUG:urwid.event_loop.select_loop.SelectEventLoop:Waiting for input: timeout=0.0
DEBUG:urwid.event_loop.select_loop.SelectEventLoop:No input, entering IDLE
DEBUG:urwid.display._posix_raw_display.Screen.draw_screen:Drawing screen with size (339, 20)
DEBUG:urwid.event_loop.select_loop.SelectEventLoop:Processing input
DEBUG:urwid.event_loop.select_loop.SelectEventLoop:Waiting for input: timeout
DEBUG:urwid.event_loop.select_loop.SelectEventLoop:Processing input
DEBUG:urwid.display._posix_raw_display.Screen:Calling callback for "watch file"
DEBUG:urwid.display._posix_raw_display.Screen.wait_for_input_ready:Waiting for input: descriptors=[<socket.socket fd=4, family=1, type=1, proto=0>, <_io.TextIOWrapper name='<stdin>' mode='r' encoding='utf-8'>], timeout=0
DEBUG:urwid.display._posix_raw_display.Screen.wait_for_input_ready:Input ready: [(SelectorKey(fileobj=<_io.TextIOWrapper name='<stdin>' mode='r' encoding='utf-8'>, fd=0, events=1, data=None), 1)]
DEBUG:urwid.display._posix_raw_display.Screen.parse_input:Decoded codes: ['right'], raw codes: [27, 91, 67]
DEBUG:urwid.event_loop.main_loop.MainLoop:Processing input: keys=['right']
DEBUG:urwid.event_loop.select_loop.SelectEventLoop:Waiting for input: timeout=0.0
DEBUG:urwid.event_loop.select_loop.SelectEventLoop:No input, entering IDLE
DEBUG:urwid.display._posix_raw_display.Screen.draw_screen:Drawing screen with size (339, 20)
DEBUG:urwid.event_loop.select_loop.SelectEventLoop:Processing input
DEBUG:urwid.event_loop.select_loop.SelectEventLoop:Waiting for input: timeout
DEBUG:urwid.event_loop.select_loop.SelectEventLoop:Processing input
DEBUG:urwid.display._posix_raw_display.Screen:Calling callback for "watch file"
DEBUG:urwid.display._posix_raw_display.Screen.wait_for_input_ready:Waiting for input: descriptors=[<socket.socket fd=4, family=1, type=1, proto=0>, <_io.TextIOWrapper name='<stdin>' mode='r' encoding='utf-8'>], timeout=0
DEBUG:urwid.display._posix_raw_display.Screen.wait_for_input_ready:Input ready: [(SelectorKey(fileobj=<_io.TextIOWrapper name='<stdin>' mode='r' encoding='utf-8'>, fd=0, events=1, data=None), 1)]
DEBUG:urwid.display._posix_raw_display.Screen.parse_input:Decoded codes: ['right'], raw codes: [27, 91, 67]
DEBUG:urwid.event_loop.main_loop.MainLoop:Processing input: keys=['right']
DEBUG:urwid.event_loop.select_loop.SelectEventLoop:Waiting for input: timeout=0.0
DEBUG:urwid.event_loop.select_loop.SelectEventLoop:No input, entering IDLE
DEBUG:urwid.display._posix_raw_display.Screen.draw_screen:Drawing screen with size (339, 20)
DEBUG:urwid.event_loop.select_loop.SelectEventLoop:Processing input
DEBUG:urwid.event_loop.select_loop.SelectEventLoop:Waiting for input: timeout
DEBUG:urwid.event_loop.select_loop.SelectEventLoop:Processing input
DEBUG:urwid.display._posix_raw_display.Screen:Calling callback for "watch file"
DEBUG:urwid.display._posix_raw_display.Screen.wait_for_input_ready:Waiting for input: descriptors=[<socket.socket fd=4, family=1, type=1, proto=0>, <_io.TextIOWrapper name='<stdin>' mode='r' encoding='utf-8'>], timeout=0
DEBUG:urwid.display._posix_raw_display.Screen.wait_for_input_ready:Input ready: [(SelectorKey(fileobj=<_io.TextIOWrapper name='<stdin>' mode='r' encoding='utf-8'>, fd=0, events=1, data=None), 1)]
DEBUG:urwid.display._posix_raw_display.Screen.parse_input:Decoded codes: ['right'], raw codes: [27, 91, 67]
DEBUG:urwid.event_loop.main_loop.MainLoop:Processing input: keys=['right']
DEBUG:urwid.event_loop.select_loop.SelectEventLoop:Waiting for input: timeout=0.0
DEBUG:urwid.event_loop.select_loop.SelectEventLoop:No input, entering IDLE
DEBUG:urwid.display._posix_raw_display.Screen.draw_screen:Drawing screen with size (339, 20)
DEBUG:urwid.event_loop.select_loop.SelectEventLoop:Processing input
DEBUG:urwid.event_loop.select_loop.SelectEventLoop:Waiting for input: timeout
DEBUG:urwid.event_loop.select_loop.SelectEventLoop:Processing input
DEBUG:urwid.display._posix_raw_display.Screen:Calling callback for "watch file"
DEBUG:urwid.display._posix_raw_display.Screen.wait_for_input_ready:Waiting for input: descriptors=[<socket.socket fd=4, family=1, type=1, proto=0>, <_io.TextIOWrapper name='<stdin>' mode='r' encoding='utf-8'>], timeout=0
DEBUG:urwid.display._posix_raw_display.Screen.wait_for_input_ready:Input ready: [(SelectorKey(fileobj=<_io.TextIOWrapper name='<stdin>' mode='r' encoding='utf-8'>, fd=0, events=1, data=None), 1)]
DEBUG:urwid.display._posix_raw_display.Screen.parse_input:Decoded codes: ['right'], raw codes: [27, 91, 67]
DEBUG:urwid.event_loop.main_loop.MainLoop:Processing input: keys=['right']
DEBUG:urwid.event_loop.select_loop.SelectEventLoop:Waiting for input: timeout=0.0
DEBUG:urwid.event_loop.select_loop.SelectEventLoop:No input, entering IDLE
DEBUG:urwid.display._posix_raw_display.Screen.draw_screen:Drawing screen with size (339, 20)
DEBUG:urwid.event_loop.select_loop.SelectEventLoop:Processing input
DEBUG:urwid.event_loop.select_loop.SelectEventLoop:Waiting for input: timeout
DEBUG:urwid.event_loop.select_loop.SelectEventLoop:Processing input
DEBUG:urwid.display._posix_raw_display.Screen:Calling callback for "watch file"
DEBUG:urwid.display._posix_raw_display.Screen.wait_for_input_ready:Waiting for input: descriptors=[<socket.socket fd=4, family=1, type=1, proto=0>, <_io.TextIOWrapper name='<stdin>' mode='r' encoding='utf-8'>], timeout=0
DEBUG:urwid.display._posix_raw_display.Screen.wait_for_input_ready:Input ready: [(SelectorKey(fileobj=<_io.TextIOWrapper name='<stdin>' mode='r' encoding='utf-8'>, fd=0, events=1, data=None), 1)]
DEBUG:urwid.display._posix_raw_display.Screen.parse_input:Decoded codes: ['right'], raw codes: [27, 91, 67]
DEBUG:urwid.event_loop.main_loop.MainLoop:Processing input: keys=['right']
DEBUG:urwid.event_loop.select_loop.SelectEventLoop:Waiting for input: timeout=0.0
DEBUG:urwid.event_loop.select_loop.SelectEventLoop:No input, entering IDLE
DEBUG:urwid.display._posix_raw_display.Screen.draw_screen:Drawing screen with size (339, 20)
DEBUG:urwid.event_loop.select_loop.SelectEventLoop:Processing input
DEBUG:urwid.event_loop.select_loop.SelectEventLoop:Waiting for input: timeout
DEBUG:urwid.event_loop.select_loop.SelectEventLoop:Processing input
DEBUG:urwid.display._posix_raw_display.Screen:Calling callback for "watch file"
DEBUG:urwid.display._posix_raw_display.Screen.wait_for_input_ready:Waiting for input: descriptors=[<socket.socket fd=4, family=1, type=1, proto=0>, <_io.TextIOWrapper name='<stdin>' mode='r' encoding='utf-8'>], timeout=0
DEBUG:urwid.display._posix_raw_display.Screen.wait_for_input_ready:Input ready: [(SelectorKey(fileobj=<_io.TextIOWrapper name='<stdin>' mode='r' encoding='utf-8'>, fd=0, events=1, data=None), 1)]
DEBUG:urwid.display._posix_raw_display.Screen.parse_input:Decoded codes: ['right'], raw codes: [27, 91, 67]
DEBUG:urwid.event_loop.main_loop.MainLoop:Processing input: keys=['right']
DEBUG:urwid.event_loop.select_loop.SelectEventLoop:Waiting for input: timeout=0.0
DEBUG:urwid.event_loop.select_loop.SelectEventLoop:No input, entering IDLE
DEBUG:urwid.display._posix_raw_display.Screen.draw_screen:Drawing screen with size (339, 20)
DEBUG:urwid.event_loop.select_loop.SelectEventLoop:Processing input
DEBUG:urwid.event_loop.select_loop.SelectEventLoop:Waiting for input: timeout
DEBUG:urwid.event_loop.select_loop.SelectEventLoop:Processing input
DEBUG:urwid.display._posix_raw_display.Screen:Calling callback for "watch file"
DEBUG:urwid.display._posix_raw_display.Screen.wait_for_input_ready:Waiting for input: descriptors=[<socket.socket fd=4, family=1, type=1, proto=0>, <_io.TextIOWrapper name='<stdin>' mode='r' encoding='utf-8'>], timeout=0
DEBUG:urwid.display._posix_raw_display.Screen.wait_for_input_ready:Input ready: [(SelectorKey(fileobj=<_io.TextIOWrapper name='<stdin>' mode='r' encoding='utf-8'>, fd=0, events=1, data=None), 1)]
DEBUG:urwid.display._posix_raw_display.Screen.parse_input:Decoded codes: ['right'], raw codes: [27, 91, 67]
DEBUG:urwid.event_loop.main_loop.MainLoop:Processing input: keys=['right']
DEBUG:urwid.event_loop.select_loop.SelectEventLoop:Waiting for input: timeout=0.0
DEBUG:urwid.event_loop.select_loop.SelectEventLoop:No input, entering IDLE
DEBUG:urwid.display._posix_raw_display.Screen.draw_screen:Drawing screen with size (339, 20)
DEBUG:urwid.event_loop.select_loop.SelectEventLoop:Processing input
DEBUG:urwid.event_loop.select_loop.SelectEventLoop:Waiting for input: timeout
DEBUG:urwid.event_loop.select_loop.SelectEventLoop:Processing input
DEBUG:urwid.display._posix_raw_display.Screen:Calling callback for "watch file"
DEBUG:urwid.display._posix_raw_display.Screen.wait_for_input_ready:Waiting for input: descriptors=[<socket.socket fd=4, family=1, type=1, proto=0>, <_io.TextIOWrapper name='<stdin>' mode='r' encoding='utf-8'>], timeout=0
DEBUG:urwid.display._posix_raw_display.Screen.wait_for_input_ready:Input ready: [(SelectorKey(fileobj=<_io.TextIOWrapper name='<stdin>' mode='r' encoding='utf-8'>, fd=0, events=1, data=None), 1)]
DEBUG:urwid.display._posix_raw_display.Screen.parse_input:Decoded codes: ['down'], raw codes: [27, 91, 66]
DEBUG:urwid.event_loop.main_loop.MainLoop:Processing input: keys=['down']
DEBUG:urwid.event_loop.select_loop.SelectEventLoop:Waiting for input: timeout=0.0
DEBUG:urwid.event_loop.select_loop.SelectEventLoop:No input, entering IDLE
DEBUG:urwid.display._posix_raw_display.Screen.draw_screen:Drawing screen with size (339, 20)
DEBUG:urwid.event_loop.select_loop.SelectEventLoop:Processing input
DEBUG:urwid.event_loop.select_loop.SelectEventLoop:Waiting for input: timeout
DEBUG:urwid.event_loop.select_loop.SelectEventLoop:Processing input
DEBUG:urwid.display._posix_raw_display.Screen:Calling callback for "watch file"
DEBUG:urwid.display._posix_raw_display.Screen.wait_for_input_ready:Waiting for input: descriptors=[<socket.socket fd=4, family=1, type=1, proto=0>, <_io.TextIOWrapper name='<stdin>' mode='r' encoding='utf-8'>], timeout=0
DEBUG:urwid.display._posix_raw_display.Screen.wait_for_input_ready:Input ready: [(SelectorKey(fileobj=<_io.TextIOWrapper name='<stdin>' mode='r' encoding='utf-8'>, fd=0, events=1, data=None), 1)]
DEBUG:urwid.display._posix_raw_display.Screen.parse_input:Decoded codes: ['left'], raw codes: [27, 91, 68]
DEBUG:urwid.event_loop.main_loop.MainLoop:Processing input: keys=['left']
DEBUG:urwid.event_loop.select_loop.SelectEventLoop:Waiting for input: timeout=0.0
DEBUG:urwid.event_loop.select_loop.SelectEventLoop:No input, entering IDLE
DEBUG:urwid.display._posix_raw_display.Screen.draw_screen:Drawing screen with size (339, 20)
DEBUG:urwid.event_loop.select_loop.SelectEventLoop:Processing input
DEBUG:urwid.event_loop.select_loop.SelectEventLoop:Waiting for input: timeout
DEBUG:urwid.event_loop.select_loop.SelectEventLoop:Processing input
DEBUG:urwid.display._posix_raw_display.Screen:Calling callback for "watch file"
DEBUG:urwid.display._posix_raw_display.Screen.wait_for_input_ready:Waiting for input: descriptors=[<socket.socket fd=4, family=1, type=1, proto=0>, <_io.TextIOWrapper name='<stdin>' mode='r' encoding='utf-8'>], timeout=0
DEBUG:urwid.display._posix_raw_display.Screen.wait_for_input_ready:Input ready: [(SelectorKey(fileobj=<_io.TextIOWrapper name='<stdin>' mode='r' encoding='utf-8'>, fd=0, events=1, data=None), 1)]
DEBUG:urwid.display._posix_raw_display.Screen.parse_input:Decoded codes: ['enter'], raw codes: [10]
DEBUG:urwid.event_loop.main_loop.MainLoop:Processing input: keys=['enter']
DEBUG:urwid.event_loop.select_loop.SelectEventLoop:Waiting for input: timeout=0.0
DEBUG:urwid.event_loop.select_loop.SelectEventLoop:No input, entering IDLE
DEBUG:urwid.event_loop.select_loop.SelectEventLoop:Processing input
DEBUG:urwid.event_loop.select_loop.SelectEventLoop:Waiting for input: timeout
DEBUG:urwid.event_loop.select_loop.SelectEventLoop:Processing input
DEBUG:urwid.display._posix_raw_display.Screen:Calling callback for "watch file"
DEBUG:urwid.display._posix_raw_display.Screen.wait_for_input_ready:Waiting for input: descriptors=[<socket.socket fd=4, family=1, type=1, proto=0>, <_io.TextIOWrapper name='<stdin>' mode='r' encoding='utf-8'>], timeout=0
DEBUG:urwid.display._posix_raw_display.Screen.wait_for_input_ready:Input ready: [(SelectorKey(fileobj=<_io.TextIOWrapper name='<stdin>' mode='r' encoding='utf-8'>, fd=0, events=1, data=None), 1)]
DEBUG:urwid.display._posix_raw_display.Screen.parse_input:Decoded codes: ['right'], raw codes: [27, 91, 67]
DEBUG:urwid.event_loop.main_loop.MainLoop:Processing input: keys=['right']
DEBUG:urwid.event_loop.select_loop.SelectEventLoop:Waiting for input: timeout=0.0
DEBUG:urwid.event_loop.select_loop.SelectEventLoop:No input, entering IDLE
DEBUG:urwid.display._posix_raw_display.Screen.draw_screen:Drawing screen with size (339, 20)
DEBUG:urwid.event_loop.select_loop.SelectEventLoop:Processing input
DEBUG:urwid.event_loop.select_loop.SelectEventLoop:Waiting for input: timeout
DEBUG:urwid.event_loop.select_loop.SelectEventLoop:Processing input
DEBUG:urwid.display._posix_raw_display.Screen:Calling callback for "watch file"
DEBUG:urwid.display._posix_raw_display.Screen.wait_for_input_ready:Waiting for input: descriptors=[<socket.socket fd=4, family=1, type=1, proto=0>, <_io.TextIOWrapper name='<stdin>' mode='r' encoding='utf-8'>], timeout=0
DEBUG:urwid.display._posix_raw_display.Screen.wait_for_input_ready:Input ready: [(SelectorKey(fileobj=<_io.TextIOWrapper name='<stdin>' mode='r' encoding='utf-8'>, fd=0, events=1, data=None), 1)]
DEBUG:urwid.display._posix_raw_display.Screen.parse_input:Decoded codes: ['enter'], raw codes: [10]
DEBUG:urwid.event_loop.main_loop.MainLoop:Processing input: keys=['enter']
INFO:__main__:Started logger at 2024-12-15 18:33:54.916658
DEBUG:urwid.event_loop.main_loop.MainLoop:Starting event loop 'SelectEventLoop' to manage display.
DEBUG:urwid.event_loop.select_loop.SelectEventLoop:Waiting for input: timeout=0.0
DEBUG:urwid.event_loop.select_loop.SelectEventLoop:No input in timeout, calling scheduled <bound method MainLoop.entering_idle of <urwid.event_loop.main_loop.MainLoop object at 0x76402dd95790>>
DEBUG:urwid.event_loop.main_loop.MainLoop:Screen size recalculated: (339, 20)
DEBUG:urwid.display._posix_raw_display.Screen.draw_screen:Drawing screen with size (339, 20)
DEBUG:urwid.event_loop.select_loop.SelectEventLoop:Processing input
DEBUG:urwid.event_loop.select_loop.SelectEventLoop:Waiting for input: timeout=0.0
DEBUG:urwid.event_loop.select_loop.SelectEventLoop:No input, entering IDLE
DEBUG:urwid.event_loop.select_loop.SelectEventLoop:Processing input
DEBUG:urwid.event_loop.select_loop.SelectEventLoop:Waiting for input: timeout
DEBUG:urwid.event_loop.select_loop.SelectEventLoop:Processing input
DEBUG:urwid.display._posix_raw_display.Screen:Calling callback for "watch file"
DEBUG:urwid.display._posix_raw_display.Screen.wait_for_input_ready:Waiting for input: descriptors=[<socket.socket fd=4, family=1, type=1, proto=0>, <_io.TextIOWrapper name='<stdin>' mode='r' encoding='utf-8'>], timeout=0
DEBUG:urwid.display._posix_raw_display.Screen.wait_for_input_ready:Input ready: [(SelectorKey(fileobj=<_io.TextIOWrapper name='<stdin>' mode='r' encoding='utf-8'>, fd=0, events=1, data=None), 1)]
DEBUG:urwid.display._posix_raw_display.Screen.parse_input:Decoded codes: ['down'], raw codes: [27, 91, 66]
DEBUG:urwid.event_loop.main_loop.MainLoop:Processing input: keys=['down']
DEBUG:urwid.event_loop.select_loop.SelectEventLoop:Waiting for input: timeout=0.0
DEBUG:urwid.event_loop.select_loop.SelectEventLoop:No input, entering IDLE
DEBUG:urwid.display._posix_raw_display.Screen.draw_screen:Drawing screen with size (339, 20)
DEBUG:urwid.event_loop.select_loop.SelectEventLoop:Processing input
DEBUG:urwid.event_loop.select_loop.SelectEventLoop:Waiting for input: timeout
DEBUG:urwid.event_loop.select_loop.SelectEventLoop:Processing input
DEBUG:urwid.display._posix_raw_display.Screen:Calling callback for "watch file"
DEBUG:urwid.display._posix_raw_display.Screen.wait_for_input_ready:Waiting for input: descriptors=[<socket.socket fd=4, family=1, type=1, proto=0>, <_io.TextIOWrapper name='<stdin>' mode='r' encoding='utf-8'>], timeout=0
DEBUG:urwid.display._posix_raw_display.Screen.wait_for_input_ready:Input ready: [(SelectorKey(fileobj=<_io.TextIOWrapper name='<stdin>' mode='r' encoding='utf-8'>, fd=0, events=1, data=None), 1)]
DEBUG:urwid.display._posix_raw_display.Screen.parse_input:Decoded codes: ['down'], raw codes: [27, 91, 66]
DEBUG:urwid.event_loop.main_loop.MainLoop:Processing input: keys=['down']
DEBUG:urwid.event_loop.select_loop.SelectEventLoop:Waiting for input: timeout=0.0
DEBUG:urwid.event_loop.select_loop.SelectEventLoop:No input, entering IDLE
DEBUG:urwid.display._posix_raw_display.Screen.draw_screen:Drawing screen with size (339, 20)
DEBUG:urwid.event_loop.select_loop.SelectEventLoop:Processing input
DEBUG:urwid.event_loop.select_loop.SelectEventLoop:Waiting for input: timeout
DEBUG:urwid.event_loop.select_loop.SelectEventLoop:Processing input
DEBUG:urwid.display._posix_raw_display.Screen:Calling callback for "watch file"
DEBUG:urwid.display._posix_raw_display.Screen.wait_for_input_ready:Waiting for input: descriptors=[<socket.socket fd=4, family=1, type=1, proto=0>, <_io.TextIOWrapper name='<stdin>' mode='r' encoding='utf-8'>], timeout=0
DEBUG:urwid.display._posix_raw_display.Screen.wait_for_input_ready:Input ready: [(SelectorKey(fileobj=<_io.TextIOWrapper name='<stdin>' mode='r' encoding='utf-8'>, fd=0, events=1, data=None), 1)]
DEBUG:urwid.display._posix_raw_display.Screen.parse_input:Decoded codes: ['right'], raw codes: [27, 91, 67]
DEBUG:urwid.event_loop.main_loop.MainLoop:Processing input: keys=['right']
DEBUG:urwid.event_loop.select_loop.SelectEventLoop:Waiting for input: timeout=0.0
DEBUG:urwid.event_loop.select_loop.SelectEventLoop:No input, entering IDLE
DEBUG:urwid.display._posix_raw_display.Screen.draw_screen:Drawing screen with size (339, 20)
DEBUG:urwid.event_loop.select_loop.SelectEventLoop:Processing input
DEBUG:urwid.event_loop.select_loop.SelectEventLoop:Waiting for input: timeout
DEBUG:urwid.event_loop.select_loop.SelectEventLoop:Processing input
DEBUG:urwid.display._posix_raw_display.Screen:Calling callback for "watch file"
DEBUG:urwid.display._posix_raw_display.Screen.wait_for_input_ready:Waiting for input: descriptors=[<socket.socket fd=4, family=1, type=1, proto=0>, <_io.TextIOWrapper name='<stdin>' mode='r' encoding='utf-8'>], timeout=0
DEBUG:urwid.display._posix_raw_display.Screen.wait_for_input_ready:Input ready: [(SelectorKey(fileobj=<_io.TextIOWrapper name='<stdin>' mode='r' encoding='utf-8'>, fd=0, events=1, data=None), 1)]
DEBUG:urwid.display._posix_raw_display.Screen.parse_input:Decoded codes: ['enter'], raw codes: [10]
DEBUG:urwid.event_loop.main_loop.MainLoop:Processing input: keys=['enter']
INFO:__main__:Started logger at 2024-12-15 18:34:00.953518
DEBUG:urwid.event_loop.main_loop.MainLoop:Starting event loop 'SelectEventLoop' to manage display.
DEBUG:urwid.event_loop.select_loop.SelectEventLoop:Waiting for input: timeout=0.0
DEBUG:urwid.event_loop.select_loop.SelectEventLoop:No input in timeout, calling scheduled <bound method MainLoop.entering_idle of <urwid.event_loop.main_loop.MainLoop object at 0x7c27e2731520>>
DEBUG:urwid.event_loop.main_loop.MainLoop:Screen size recalculated: (339, 20)
DEBUG:urwid.display._posix_raw_display.Screen.draw_screen:Drawing screen with size (339, 20)
DEBUG:urwid.event_loop.select_loop.SelectEventLoop:Processing input
DEBUG:urwid.event_loop.select_loop.SelectEventLoop:Waiting for input: timeout=0.0
DEBUG:urwid.event_loop.select_loop.SelectEventLoop:No input, entering IDLE
DEBUG:urwid.event_loop.select_loop.SelectEventLoop:Processing input
DEBUG:urwid.event_loop.select_loop.SelectEventLoop:Waiting for input: timeout
DEBUG:urwid.event_loop.select_loop.SelectEventLoop:Processing input
DEBUG:urwid.display._posix_raw_display.Screen:Calling callback for "watch file"
DEBUG:urwid.display._posix_raw_display.Screen.wait_for_input_ready:Waiting for input: descriptors=[<socket.socket fd=4, family=1, type=1, proto=0>, <_io.TextIOWrapper name='<stdin>' mode='r' encoding='utf-8'>], timeout=0
DEBUG:urwid.display._posix_raw_display.Screen.wait_for_input_ready:Input ready: [(SelectorKey(fileobj=<_io.TextIOWrapper name='<stdin>' mode='r' encoding='utf-8'>, fd=0, events=1, data=None), 1)]
DEBUG:urwid.display._posix_raw_display.Screen.parse_input:Decoded codes: ['down'], raw codes: [27, 91, 66]
DEBUG:urwid.event_loop.main_loop.MainLoop:Processing input: keys=['down']
DEBUG:urwid.event_loop.select_loop.SelectEventLoop:Waiting for input: timeout=0.0
DEBUG:urwid.event_loop.select_loop.SelectEventLoop:No input, entering IDLE
DEBUG:urwid.display._posix_raw_display.Screen.draw_screen:Drawing screen with size (339, 20)
DEBUG:urwid.event_loop.select_loop.SelectEventLoop:Processing input
DEBUG:urwid.event_loop.select_loop.SelectEventLoop:Waiting for input: timeout
DEBUG:urwid.event_loop.select_loop.SelectEventLoop:Processing input
DEBUG:urwid.display._posix_raw_display.Screen:Calling callback for "watch file"
DEBUG:urwid.display._posix_raw_display.Screen.wait_for_input_ready:Waiting for input: descriptors=[<socket.socket fd=4, family=1, type=1, proto=0>, <_io.TextIOWrapper name='<stdin>' mode='r' encoding='utf-8'>], timeout=0
DEBUG:urwid.display._posix_raw_display.Screen.wait_for_input_ready:Input ready: [(SelectorKey(fileobj=<_io.TextIOWrapper name='<stdin>' mode='r' encoding='utf-8'>, fd=0, events=1, data=None), 1)]
DEBUG:urwid.display._posix_raw_display.Screen.parse_input:Decoded codes: ['down'], raw codes: [27, 91, 66]
DEBUG:urwid.event_loop.main_loop.MainLoop:Processing input: keys=['down']
DEBUG:urwid.event_loop.select_loop.SelectEventLoop:Waiting for input: timeout=0.0
DEBUG:urwid.event_loop.select_loop.SelectEventLoop:No input, entering IDLE
DEBUG:urwid.display._posix_raw_display.Screen.draw_screen:Drawing screen with size (339, 20)
DEBUG:urwid.event_loop.select_loop.SelectEventLoop:Processing input
DEBUG:urwid.event_loop.select_loop.SelectEventLoop:Waiting for input: timeout
DEBUG:urwid.event_loop.select_loop.SelectEventLoop:Processing input
DEBUG:urwid.display._posix_raw_display.Screen:Calling callback for "watch file"
DEBUG:urwid.display._posix_raw_display.Screen.wait_for_input_ready:Waiting for input: descriptors=[<socket.socket fd=4, family=1, type=1, proto=0>, <_io.TextIOWrapper name='<stdin>' mode='r' encoding='utf-8'>], timeout=0
DEBUG:urwid.display._posix_raw_display.Screen.wait_for_input_ready:Input ready: [(SelectorKey(fileobj=<_io.TextIOWrapper name='<stdin>' mode='r' encoding='utf-8'>, fd=0, events=1, data=None), 1)]
DEBUG:urwid.display._posix_raw_display.Screen.parse_input:Decoded codes: [('mouse press', 1, 37, 12)], raw codes: [27, 91, 60, 48, 59, 51, 56, 59, 49, 51, 77]
DEBUG:urwid.event_loop.main_loop.MainLoop:Processing input: keys=[('mouse press', 1, 37, 12)]
DEBUG:urwid.event_loop.select_loop.SelectEventLoop:Waiting for input: timeout=0.0
DEBUG:urwid.event_loop.select_loop.SelectEventLoop:No input, entering IDLE
DEBUG:urwid.event_loop.select_loop.SelectEventLoop:Processing input
DEBUG:urwid.event_loop.select_loop.SelectEventLoop:Waiting for input: timeout
DEBUG:urwid.event_loop.select_loop.SelectEventLoop:Processing input
DEBUG:urwid.display._posix_raw_display.Screen:Calling callback for "watch file"
DEBUG:urwid.display._posix_raw_display.Screen.wait_for_input_ready:Waiting for input: descriptors=[<socket.socket fd=4, family=1, type=1, proto=0>, <_io.TextIOWrapper name='<stdin>' mode='r' encoding='utf-8'>], timeout=0
DEBUG:urwid.display._posix_raw_display.Screen.wait_for_input_ready:Input ready: [(SelectorKey(fileobj=<_io.TextIOWrapper name='<stdin>' mode='r' encoding='utf-8'>, fd=0, events=1, data=None), 1)]
DEBUG:urwid.display._posix_raw_display.Screen.parse_input:Decoded codes: [('mouse release', 1, 37, 12)], raw codes: [27, 91, 60, 48, 59, 51, 56, 59, 49, 51, 109]
DEBUG:urwid.event_loop.main_loop.MainLoop:Processing input: keys=[('mouse release', 1, 37, 12)]
DEBUG:urwid.event_loop.select_loop.SelectEventLoop:Waiting for input: timeout=0.0
DEBUG:urwid.event_loop.select_loop.SelectEventLoop:No input, entering IDLE
DEBUG:urwid.event_loop.select_loop.SelectEventLoop:Processing input
DEBUG:urwid.event_loop.select_loop.SelectEventLoop:Waiting for input: timeout
DEBUG:urwid.event_loop.select_loop.SelectEventLoop:Processing input
DEBUG:urwid.display._posix_raw_display.Screen:Calling callback for "watch file"
DEBUG:urwid.display._posix_raw_display.Screen.wait_for_input_ready:Waiting for input: descriptors=[<socket.socket fd=4, family=1, type=1, proto=0>, <_io.TextIOWrapper name='<stdin>' mode='r' encoding='utf-8'>], timeout=0
DEBUG:urwid.display._posix_raw_display.Screen.wait_for_input_ready:Input ready: [(SelectorKey(fileobj=<_io.TextIOWrapper name='<stdin>' mode='r' encoding='utf-8'>, fd=0, events=1, data=None), 1)]
DEBUG:urwid.display._posix_raw_display.Screen.parse_input:Decoded codes: [('mouse press', 1, 231, 17)], raw codes: [27, 91, 60, 48, 59, 50, 51, 50, 59, 49, 56, 77]
DEBUG:urwid.event_loop.main_loop.MainLoop:Processing input: keys=[('mouse press', 1, 231, 17)]
DEBUG:urwid.event_loop.select_loop.SelectEventLoop:Waiting for input: timeout=0.0
DEBUG:urwid.event_loop.select_loop.SelectEventLoop:No input, entering IDLE
DEBUG:urwid.event_loop.select_loop.SelectEventLoop:Processing input
DEBUG:urwid.event_loop.select_loop.SelectEventLoop:Waiting for input: timeout
DEBUG:urwid.event_loop.select_loop.SelectEventLoop:Processing input
DEBUG:urwid.display._posix_raw_display.Screen:Calling callback for "watch file"
DEBUG:urwid.display._posix_raw_display.Screen.wait_for_input_ready:Waiting for input: descriptors=[<socket.socket fd=4, family=1, type=1, proto=0>, <_io.TextIOWrapper name='<stdin>' mode='r' encoding='utf-8'>], timeout=0
DEBUG:urwid.display._posix_raw_display.Screen.wait_for_input_ready:Input ready: [(SelectorKey(fileobj=<_io.TextIOWrapper name='<stdin>' mode='r' encoding='utf-8'>, fd=0, events=1, data=None), 1)]
DEBUG:urwid.display._posix_raw_display.Screen.parse_input:Decoded codes: [('mouse release', 1, 231, 17)], raw codes: [27, 91, 60, 48, 59, 50, 51, 50, 59, 49, 56, 109]
DEBUG:urwid.event_loop.main_loop.MainLoop:Processing input: keys=[('mouse release', 1, 231, 17)]
DEBUG:urwid.event_loop.select_loop.SelectEventLoop:Waiting for input: timeout=0.0
DEBUG:urwid.event_loop.select_loop.SelectEventLoop:No input, entering IDLE
DEBUG:urwid.event_loop.select_loop.SelectEventLoop:Processing input
DEBUG:urwid.event_loop.select_loop.SelectEventLoop:Waiting for input: timeout
DEBUG:urwid.event_loop.select_loop.SelectEventLoop:Processing input
DEBUG:urwid.display._posix_raw_display.Screen:Calling callback for "watch file"
DEBUG:urwid.display._posix_raw_display.Screen.wait_for_input_ready:Waiting for input: descriptors=[<socket.socket fd=4, family=1, type=1, proto=0>, <_io.TextIOWrapper name='<stdin>' mode='r' encoding='utf-8'>], timeout=0
DEBUG:urwid.display._posix_raw_display.Screen.wait_for_input_ready:Input ready: [(SelectorKey(fileobj=<_io.TextIOWrapper name='<stdin>' mode='r' encoding='utf-8'>, fd=0, events=1, data=None), 1)]
DEBUG:urwid.display._posix_raw_display.Screen.parse_input:Decoded codes: ['right'], raw codes: [27, 91, 67]
DEBUG:urwid.event_loop.main_loop.MainLoop:Processing input: keys=['right']
DEBUG:urwid.event_loop.select_loop.SelectEventLoop:Waiting for input: timeout=0.0
DEBUG:urwid.event_loop.select_loop.SelectEventLoop:No input, entering IDLE
DEBUG:urwid.display._posix_raw_display.Screen.draw_screen:Drawing screen with size (339, 20)
DEBUG:urwid.event_loop.select_loop.SelectEventLoop:Processing input
DEBUG:urwid.event_loop.select_loop.SelectEventLoop:Waiting for input: timeout
DEBUG:urwid.event_loop.select_loop.SelectEventLoop:Processing input
DEBUG:urwid.display._posix_raw_display.Screen:Calling callback for "watch file"
DEBUG:urwid.display._posix_raw_display.Screen.wait_for_input_ready:Waiting for input: descriptors=[<socket.socket fd=4, family=1, type=1, proto=0>, <_io.TextIOWrapper name='<stdin>' mode='r' encoding='utf-8'>], timeout=0
DEBUG:urwid.display._posix_raw_display.Screen.wait_for_input_ready:Input ready: [(SelectorKey(fileobj=<_io.TextIOWrapper name='<stdin>' mode='r' encoding='utf-8'>, fd=0, events=1, data=None), 1)]
DEBUG:urwid.display._posix_raw_display.Screen.parse_input:Decoded codes: ['enter'], raw codes: [10]
DEBUG:urwid.event_loop.main_loop.MainLoop:Processing input: keys=['enter']
INFO:__main__:Started logger at 2024-12-15 18:34:32.585204
INFO:__main__:Started logger at 2024-12-15 18:34:41.369152
INFO:__main__:Started logger at 2024-12-15 19:12:33.562240
INFO:__main__:Started logger at 2024-12-15 19:13:17.680542
INFO:__main__:Started logger at 2024-12-15 19:15:47.151826
INFO:__main__:Started logger at 2024-12-15 19:26:05.103606
INFO:__main__:Started logger at 2024-12-15 19:26:12.455027
INFO:__main__:Started logger at 2024-12-15 19:26:53.136847
INFO:__main__:Started logger at 2024-12-15 19:27:58.801948
INFO:__main__:Started logger at 2024-12-15 19:29:34.536757
INFO:__main__:Started logger at 2024-12-15 19:30:20.318671
INFO:__main__:Started logger at 2024-12-15 19:30:43.645446
